
export function DeepNestedTags() {
  return <body>
    <div id="outer">
      <div id="inner">
        <h1>
            Hello!
        </h1>
      </div>
    </div>
  </body>;
}

