import { int32ToString } from "./fable_modules/fable-library-js.4.21.0/Util.js";

export function ForLoop() {
    return <div>
        <For each={["one", "two", "three"]}>
            {(item, index) => <h2 id={int32ToString(index)}>
                {item}
            </h2>}
        </For>
    </div>;
}

