
export function Child() {
    return <h1>
        Hello
    </h1>;
}

export function Parent() {
    return <>
        {Child()}
    </>;
}

